CREATE TABLE cars (
    id integer(11) NOT NULL AUTO_INCREMENT,
    model varchar(255) NOT NULL,
    mechanic_id integer(11) NOT NULL,
    PRIMARY KEY(id)
)
CREATE TABLE comments (
    id integer(11) NOT NULL AUTO_INCREMENT,
    post_id integer(11) NOT NULL,
    title varchar(255) NOT NULL,
    created_at datetime,
    updated_at datetime,
    PRIMARY KEY(id)
)
CREATE TABLE images (
    id integer(11) NOT NULL AUTO_INCREMENT,
    url varchar(255) NOT NULL,
    imageable_type varchar(255) NOT NULL,
    imageable_id integer(11) NOT NULL,
    created_at datetime,
    updated_at datetime,
    PRIMARY KEY(id)
)
CREATE TABLE mechanics (
    id integer(11) NOT NULL AUTO_INCREMENT,
    name varchar(255) NOT NULL,
    PRIMARY KEY(id)
)
CREATE TABLE model_has_permissions (
    permission_id integer(11) NOT NULL,
    model_type varchar(255) NOT NULL,
    model_id integer(11) NOT NULL,
    PRIMARY KEY(permission_id, model_id, model_type)
)
CREATE TABLE model_has_roles (
    role_id integer(11) NOT NULL,
    model_type varchar(255) NOT NULL,
    model_id integer(11) NOT NULL,
    PRIMARY KEY(role_id, model_id, model_type)
)
CREATE TABLE owners (
    id integer(11) NOT NULL AUTO_INCREMENT,
    name varchar(255) NOT NULL,
    car_id integer(11) NOT NULL,
    PRIMARY KEY(id)
)
CREATE TABLE permissions (
    id integer(11) NOT NULL AUTO_INCREMENT,
    name varchar(255) NOT NULL,
    guard_name varchar(255) NOT NULL,
    created_at datetime,
    updated_at datetime,
    PRIMARY KEY(id)
)
CREATE TABLE phones (
    id integer(11) NOT NULL AUTO_INCREMENT,
    user_id integer(11) NOT NULL,
    phone_numbers varchar(255) NOT NULL,
    PRIMARY KEY(id)
)
CREATE TABLE posts (
    id integer(11) NOT NULL AUTO_INCREMENT,
    user_id integer(11) NOT NULL,
    title varchar(255) NOT NULL DEFAULT foo,
    created_at datetime,
    updated_at datetime,
    PRIMARY KEY(id)
)
CREATE TABLE role_has_permissions (
    permission_id integer(11) NOT NULL,
    role_id integer(11) NOT NULL,
    PRIMARY KEY(permission_id, role_id)
)
CREATE TABLE roles (
    id integer(11) NOT NULL AUTO_INCREMENT,
    name varchar(255) NOT NULL,
    guard_name varchar(255) NOT NULL,
    created_at datetime,
    updated_at datetime,
    PRIMARY KEY(id)
)
CREATE TABLE tasks (
    id integer(11) NOT NULL AUTO_INCREMENT,
    team_id integer(11) NOT NULL,
    category_id integer(11) NOT NULL,
    created_at datetime,
    updated_at datetime,
    PRIMARY KEY(id)
)
CREATE TABLE users (
    id integer(11) NOT NULL AUTO_INCREMENT,
    name varchar(255) NOT NULL,
    email varchar(255) NOT NULL,
    email_verified_at datetime,
    password varchar(255) NOT NULL,
    remember_token varchar(255),
    created_at datetime,
    updated_at datetime,
    category_id integer(11) NOT NULL,
    PRIMARY KEY(id)
)
ALTER TABLE cars ADD FOREIGN KEY (id) REFERENCES owners (car_id)
ALTER TABLE cars ADD FOREIGN KEY (mechanic_id) REFERENCES mechanics (id)
ALTER TABLE comments ADD FOREIGN KEY (post_id) REFERENCES posts (id)
ALTER TABLE images ADD FOREIGN KEY (imageable_id) REFERENCES posts (id)
ALTER TABLE images ADD FOREIGN KEY (imageable_id) REFERENCES users (id)
ALTER TABLE model_has_permissions ADD FOREIGN KEY (model_id) REFERENCES users (id)
ALTER TABLE model_has_permissions ADD FOREIGN KEY (permission_id) REFERENCES permissions (id)
ALTER TABLE model_has_roles ADD FOREIGN KEY (model_id) REFERENCES users (id)
ALTER TABLE model_has_roles ADD FOREIGN KEY (role_id) REFERENCES roles (id)
ALTER TABLE permissions ADD FOREIGN KEY (id) REFERENCES role_has_permissions (permission_id)
ALTER TABLE phones ADD FOREIGN KEY (user_id) REFERENCES users (id)
ALTER TABLE posts ADD FOREIGN KEY (user_id) REFERENCES users (id)
ALTER TABLE role_has_permissions ADD FOREIGN KEY (role_id) REFERENCES roles (id)
ALTER TABLE tasks ADD FOREIGN KEY (team_id, category_id) REFERENCES users (team_id, category_id)