[cars] {}
*+id {label: "integer, not null"}
model {label: "string, not null"}
+mechanic_id {label: "integer, not null"}

[comments] {}
*id {label: "integer, not null"}
+post_id {label: "integer, not null"}
title {label: "string, not null"}
created_at {label: "datetime, null"}
updated_at {label: "datetime, null"}

[images] {}
*id {label: "integer, not null"}
url {label: "string, not null"}
+imageable_type {label: "string, not null"}
+imageable_id {label: "integer, not null"}
created_at {label: "datetime, null"}
updated_at {label: "datetime, null"}

[mechanics] {}
*+id {label: "integer, not null"}
name {label: "string, not null"}

[model_has_permissions] {}
*+permission_id {label: "integer, not null"}
*+model_type {label: "string, not null"}
*+model_id {label: "integer, not null"}

[model_has_roles] {}
*+role_id {label: "integer, not null"}
*+model_type {label: "string, not null"}
*+model_id {label: "integer, not null"}

[owners] {}
*id {label: "integer, not null"}
name {label: "string, not null"}
+car_id {label: "integer, not null"}

[permissions] {}
*+id {label: "integer, not null"}
name {label: "string, not null"}
guard_name {label: "string, not null"}
created_at {label: "datetime, null"}
updated_at {label: "datetime, null"}

[phones] {}
*id {label: "integer, not null"}
+user_id {label: "integer, not null"}
phone_numbers {label: "string, not null"}

[posts] {}
*+id {label: "integer, not null"}
+user_id {label: "integer, not null"}
title {label: "string, not null"}
created_at {label: "datetime, null"}
updated_at {label: "datetime, null"}

[role_has_permissions] {}
*+permission_id {label: "integer, not null"}
*+role_id {label: "integer, not null"}

[roles] {}
*+id {label: "integer, not null"}
name {label: "string, not null"}
guard_name {label: "string, not null"}
created_at {label: "datetime, null"}
updated_at {label: "datetime, null"}

[tasks] {}
*id {label: "integer, not null"}
+team_id {label: "integer, not null"}
+category_id {label: "integer, not null"}
created_at {label: "datetime, null"}
updated_at {label: "datetime, null"}

[users] {}
*+id {label: "integer, not null"}
name {label: "string, not null"}
email {label: "string, not null"}
email_verified_at {label: "datetime, null"}
password {label: "string, not null"}
remember_token {label: "string, null"}
created_at {label: "datetime, null"}
updated_at {label: "datetime, null"}
+category_id {label: "integer, not null"}

cars 1--* mechanics
cars 1--* owners
comments 1--* posts
images 1--* posts
images 1--* users
model_has_permissions 1--* permissions
model_has_permissions 1--* users
model_has_roles 1--* roles
model_has_roles 1--* users
permissions 1--* role_has_permissions
phones 1--* users
posts 1--* users
role_has_permissions 1--* roles
tasks 1--* users